// Vitest Snapshot v1, https://vitest.dev/guide/snapshot.html

exports[`FormSwitch > renders properly 1`] = `
DOMWrapper {
  "isDisabled": [Function],
  "wrapperElement": <label
    class="relative inline-block w-10 h-5 top-0 left-0 right-0 bottom-0 cursor-pointer rounded-3xl bg-MarineBlue before:absolute before:h-3 before:w-3 before:rounded-[50%] before:bg-White before:left-1 before:top-1 before:transition-all"
    data-v-2566e8dc=""
    for="switch"
  />,
}
`;
